../Core/Src/main.c:80:5:main	8	static
../Core/Src/main.c:253:6:SystemClock_Config	88	static
../Core/Src/main.c:300:13:MX_ADC1_Init	24	static
../Core/Src/main.c:347:13:MX_TIM1_Init	32	static
../Core/Src/main.c:393:13:MX_TIM2_Init	64	static
../Core/Src/main.c:452:13:MX_TIM3_Init	64	static
../Core/Src/main.c:511:13:MX_TIM4_Init	64	static
../Core/Src/main.c:568:13:MX_DMA_Init	16	static
../Core/Src/main.c:586:13:MX_GPIO_Init	40	static
../Core/Src/main.c:619:6:HAL_ADC_ConvCpltCallback	16	static
../Core/Src/main.c:623:6:delay_us	16	static
../Core/Src/main.c:655:9:getHalls	16	static
../Core/Src/main.c:682:6:Error_Handler	4	static,ignoring_inline_asm
